g++ : documentos.cpp: In function 'void docInicializar()':
At line:1 char:63
+ ... yContinue ; g++ -std=c++17 -O2 -o gestao.exe auth.cpp clientes.cpp pr ...
+                 ~~~~~~~~~~~~~~~~~~~~~~~~~~~~~~~~~~~~~~~~~~~~~~~~~~~~~~~~~
    + CategoryInfo          : NotSpecified: (documentos.cpp:...Inicializar()': 
   :String) [], RemoteException
    + FullyQualifiedErrorId : NativeCommandError
 
documentos.cpp:19:25: error: 'mkdir' was not declared in this scope
     mkdir(DOCS_DIR, 0755);
                         ^
